157.55.39.178 - - [15/Mar/2015:06:00:51 +0530] "GET / HTTP/1.1" 503 3514 "-" "Mozilla/5.0 (compatible; bingbot/2.0; +http://www.bing.com/bingbot.htm)" "thewhiteroom.co.in"
66.249.71.114 - - [15/Mar/2015:06:06:07 +0530] "GET /robots.txt HTTP/1.1" 503 3514 "-" "Mozilla/5.0 (compatible; Googlebot/2.1; +http://www.google.com/bot.html)" "www.thewhiteroom.co.in"
123.125.71.12 - - [15/Mar/2015:06:12:45 +0530] "GET /about-us/ HTTP/1.1" 503 3514 "-" "Mozilla/5.0 (compatible; Baiduspider/2.0; +http://www.baidu.com/search/spider.html)" "www.thewhiteroom.co.in"
103.27.127.238 - - [15/Mar/2015:06:49:11 +0530] "PUT /autoshell.txt HTTP/1.1" 403 255 "http://thewhiteroom.co.in//autoshell.txt" "-" "thewhiteroom.co.in"
66.249.71.114 - - [15/Mar/2015:07:25:06 +0530] "GET /robots.txt HTTP/1.1" 503 3514 "-" "Mozilla/5.0 (compatible; Googlebot/2.1; +http://www.google.com/bot.html)" "www.thewhiteroom.co.in"
66.249.71.114 - - [15/Mar/2015:07:30:07 +0530] "GET /robots.txt HTTP/1.1" 503 3514 "-" "Mozilla/5.0 (compatible; Googlebot/2.1; +http://www.google.com/bot.html)" "www.thewhiteroom.co.in"
66.249.71.80 - - [15/Mar/2015:07:32:34 +0530] "GET /robots.txt HTTP/1.1" 503 3514 "-" "Mozilla/5.0 (compatible; Googlebot/2.1; +http://www.google.com/bot.html)" "www.thewhiteroom.co.in"
180.76.5.193 - - [15/Mar/2015:08:34:00 +0530] "GET /contact/feed/ HTTP/1.1" 503 3514 "-" "Mozilla/5.0 (compatible; Baiduspider/2.0; +http://www.baidu.com/search/spider.html)" "www.thewhiteroom.co.in"
5.255.253.15 - - [15/Mar/2015:08:39:40 +0530] "GET /robots.txt HTTP/1.1" 503 3514 "-" "Mozilla/5.0 (compatible; YandexBot/3.0; +http://yandex.com/bots)" "www.thewhiteroom.co.in"
180.76.6.43 - - [15/Mar/2015:09:03:56 +0530] "GET /studio-apartment/04-8/ HTTP/1.1" 503 3514 "-" "Mozilla/5.0 (compatible; Baiduspider/2.0; +http://www.baidu.com/search/spider.html)" "www.thewhiteroom.co.in"
87.106.151.149 - - [15/Mar/2015:09:32:32 +0530] "HEAD / HTTP/1.1" 503 0 "http://artsofa.es" "Mozilla/5.0 (compatible; MSIE 9.0; Windows NT 6.1; WOW64; Trident/5.0)" "www.thewhiteroom.co.in"
87.106.151.149 - - [15/Mar/2015:09:32:33 +0530] "GET / HTTP/1.1" 503 3514 "http://artsofa.es" "Mozilla/5.0 (compatible; MSIE 9.0; Windows NT 6.1; WOW64; Trident/5.0)" "www.thewhiteroom.co.in"
43.224.128.242 - - [15/Mar/2015:10:13:18 +0530] "GET / HTTP/1.1" 503 3514 "http://dwll.in/designers/TheWhiteRoom" "Mozilla/5.0 (Windows NT 6.1; WOW64) AppleWebKit/537.36 (KHTML, like Gecko) Chrome/40.0.2214.115 Safari/537.36" "www.thewhiteroom.co.in"
43.224.128.242 - - [15/Mar/2015:10:13:19 +0530] "GET /wp-includes/js/jquery/jquery-migrate.min.js?ver=1.2.1 HTTP/1.1" 200 3562 "http://www.thewhiteroom.co.in/" "Mozilla/5.0 (Windows NT 6.1; WOW64) AppleWebKit/537.36 (KHTML, like Gecko) Chrome/40.0.2214.115 Safari/537.36" "thewhiteroom.co.in"
43.224.128.242 - - [15/Mar/2015:10:13:19 +0530] "GET /wp-content/plugins/maintenance/load/style.css?ver=4.1.1 HTTP/1.1" 200 3232 "http://www.thewhiteroom.co.in/" "Mozilla/5.0 (Windows NT 6.1; WOW64) AppleWebKit/537.36 (KHTML, like Gecko) Chrome/40.0.2214.115 Safari/537.36" "thewhiteroom.co.in"
43.224.128.242 - - [15/Mar/2015:10:13:19 +0530] "GET /wp-content/plugins/maintenance/load/js/jquery.backstretch.min.js?ver=4.1.1 HTTP/1.1" 200 2410 "http://www.thewhiteroom.co.in/" "Mozilla/5.0 (Windows NT 6.1; WOW64) AppleWebKit/537.36 (KHTML, like Gecko) Chrome/40.0.2214.115 Safari/537.36" "thewhiteroom.co.in"
43.224.128.242 - - [15/Mar/2015:10:13:19 +0530] "GET /wp-content/plugins/maintenance/load/js/jquery.placeholder.js?ver=4.1.1 HTTP/1.1" 200 1145 "http://www.thewhiteroom.co.in/" "Mozilla/5.0 (Windows NT 6.1; WOW64) AppleWebKit/537.36 (KHTML, like Gecko) Chrome/40.0.2214.115 Safari/537.36" "thewhiteroom.co.in"
43.224.128.242 - - [15/Mar/2015:10:13:19 +0530] "GET /wp-content/plugins/maintenance/load/images/fonts-icon/icons.style.css?ver=4.1.1 HTTP/1.1" 200 1240 "http://www.thewhiteroom.co.in/" "Mozilla/5.0 (Windows NT 6.1; WOW64) AppleWebKit/537.36 (KHTML, like Gecko) Chrome/40.0.2214.115 Safari/537.36" "thewhiteroom.co.in"
43.224.128.242 - - [15/Mar/2015:10:13:19 +0530] "GET /wp-includes/js/jquery/jquery.js?ver=1.11.1 HTTP/1.1" 200 33760 "http://www.thewhiteroom.co.in/" "Mozilla/5.0 (Windows NT 6.1; WOW64) AppleWebKit/537.36 (KHTML, like Gecko) Chrome/40.0.2214.115 Safari/537.36" "thewhiteroom.co.in"
43.224.128.242 - - [15/Mar/2015:10:13:20 +0530] "GET /wp-content/plugins/maintenance/load/js/jquery.blur.min.js?ver=4.1.1 HTTP/1.1" 200 1456 "http://www.thewhiteroom.co.in/" "Mozilla/5.0 (Windows NT 6.1; WOW64) AppleWebKit/537.36 (KHTML, like Gecko) Chrome/40.0.2214.115 Safari/537.36" "thewhiteroom.co.in"
43.224.128.242 - - [15/Mar/2015:10:13:20 +0530] "GET /wp-content/plugins/maintenance/load/js/jquery.frontend.min.js?ver=4.1.1 HTTP/1.1" 200 2321 "http://www.thewhiteroom.co.in/" "Mozilla/5.0 (Windows NT 6.1; WOW64) AppleWebKit/537.36 (KHTML, like Gecko) Chrome/40.0.2214.115 Safari/537.36" "thewhiteroom.co.in"
43.224.128.242 - - [15/Mar/2015:10:13:20 +0530] "GET /wp-content/uploads/2015/02/mt-sample-background1.jpg HTTP/1.1" 200 0 "http://www.thewhiteroom.co.in/" "Mozilla/5.0 (Windows NT 6.1; WOW64) AppleWebKit/537.36 (KHTML, like Gecko) Chrome/40.0.2214.115 Safari/537.36" "thewhiteroom.co.in"
43.224.128.242 - - [15/Mar/2015:10:13:20 +0530] "GET /wp-content/plugins/maintenance/load/images/fonts-icon/general_foundicons.woff HTTP/1.1" 200 9728 "http://thewhiteroom.co.in/wp-content/plugins/maintenance/load/images/fonts-icon/icons.style.css?ver=4.1.1" "Mozilla/5.0 (Windows NT 6.1; WOW64) AppleWebKit/537.36 (KHTML, like Gecko) Chrome/40.0.2214.115 Safari/537.36" "thewhiteroom.co.in"
43.224.128.242 - - [15/Mar/2015:10:13:20 +0530] "GET /wp-content/plugins/maintenance/load/images/fonts-icon/general_foundicons.ttf HTTP/1.1" 200 15488 "http://thewhiteroom.co.in/wp-content/plugins/maintenance/load/images/fonts-icon/icons.style.css?ver=4.1.1" "Mozilla/5.0 (Windows NT 6.1; WOW64) AppleWebKit/537.36 (KHTML, like Gecko) Chrome/40.0.2214.115 Safari/537.36" "thewhiteroom.co.in"
43.224.128.242 - - [15/Mar/2015:10:13:21 +0530] "GET /favicon.ico HTTP/1.1" 200 0 "-" "Mozilla/5.0 (Windows NT 6.1; WOW64) AppleWebKit/537.36 (KHTML, like Gecko) Chrome/40.0.2214.115 Safari/537.36" "www.thewhiteroom.co.in"
43.224.128.242 - - [15/Mar/2015:10:13:21 +0530] "GET /favicon.ico HTTP/1.1" 200 0 "-" "Mozilla/5.0 (Windows NT 6.1; WOW64) AppleWebKit/537.36 (KHTML, like Gecko) Chrome/40.0.2214.115 Safari/537.36" "www.thewhiteroom.co.in"
66.249.71.97 - - [15/Mar/2015:10:20:08 +0530] "GET /robots.txt HTTP/1.1" 503 3514 "-" "Mozilla/5.0 (compatible; Googlebot/2.1; +http://www.google.com/bot.html)" "www.thewhiteroom.co.in"
180.76.6.59 - - [15/Mar/2015:10:28:41 +0530] "GET /island-house/02-2/ HTTP/1.1" 503 3514 "-" "Mozilla/5.0 (compatible; Baiduspider/2.0; +http://www.baidu.com/search/spider.html)" "www.thewhiteroom.co.in"
66.249.71.97 - - [15/Mar/2015:10:32:40 +0530] "GET /robots.txt HTTP/1.1" 503 3514 "-" "Mozilla/5.0 (compatible; Googlebot/2.1; +http://www.google.com/bot.html)" "www.thewhiteroom.co.in"
117.217.228.43 - - [15/Mar/2015:10:57:12 +0530] "GET /yahoo_site_admin/credentials/ HTTP/1.1" 200 932 "-" "Mozilla/5.0 (Windows NT 6.1; WOW64) AppleWebKit/537.36 (KHTML, like Gecko) Chrome/41.0.2272.89 Safari/537.36" "www.thewhiteroom.co.in"
117.217.228.43 - - [15/Mar/2015:10:57:13 +0530] "GET /favicon.ico HTTP/1.1" 200 0 "-" "Mozilla/5.0 (Windows NT 6.1; WOW64) AppleWebKit/537.36 (KHTML, like Gecko) Chrome/41.0.2272.89 Safari/537.36" "www.thewhiteroom.co.in"
117.217.228.43 - - [15/Mar/2015:10:57:15 +0530] "GET /yahoo_site_admin/credentials/db.conf HTTP/1.1" 200 670 "http://www.thewhiteroom.co.in/yahoo_site_admin/credentials/" "Mozilla/5.0 (Windows NT 6.1; WOW64) AppleWebKit/537.36 (KHTML, like Gecko) Chrome/41.0.2272.89 Safari/537.36" "www.thewhiteroom.co.in"
117.217.228.43 - - [15/Mar/2015:10:57:15 +0530] "GET /favicon.ico HTTP/1.1" 200 0 "-" "Mozilla/5.0 (Windows NT 6.1; WOW64) AppleWebKit/537.36 (KHTML, like Gecko) Chrome/41.0.2272.89 Safari/537.36" "www.thewhiteroom.co.in"
198.12.79.101 - - [15/Mar/2015:11:10:04 +0530] "GET /yahoo_site_admin/backup_july192014/logs/access_121105.log HTTP/1.1" 200 7169 "http://www.thewhiteroom.co.in/" "Mozilla/5.0 (Macintosh; Intel Mac OS X 10_10_0) AppleWebKit/537.36 (KHTML, like Gecko) Chrome/39.0.2171.95 Safari/537.36" "www.thewhiteroom.co.in"
66.249.71.97 - - [15/Mar/2015:11:21:56 +0530] "GET /robots.txt HTTP/1.1" 503 3514 "-" "Mozilla/5.0 (compatible; Googlebot/2.1; +http://www.google.com/bot.html)" "www.thewhiteroom.co.in"
106.10.186.16 - - [15/Mar/2015:11:22:02 +0530] "POST /wp-cron.php?doing_wp_cron=1426398715.6074950695037841796875 HTTP/1.1" 200 5 "-" "WordPress/4.1.1; http://thewhiteroom.co.in" "thewhiteroom.co.in"
66.249.71.114 - - [15/Mar/2015:11:24:17 +0530] "GET /robots.txt HTTP/1.1" 503 3514 "-" "Mozilla/5.0 (compatible; Googlebot/2.1; +http://www.google.com/bot.html)" "www.thewhiteroom.co.in"
66.249.71.97 - - [15/Mar/2015:12:16:42 +0530] "GET /robots.txt HTTP/1.1" 503 3514 "-" "Mozilla/5.0 (compatible; Googlebot/2.1; +http://www.google.com/bot.html)" "www.thewhiteroom.co.in"
66.249.71.80 - - [15/Mar/2015:12:20:11 +0530] "GET /robots.txt HTTP/1.1" 503 3514 "-" "Mozilla/5.0 (compatible; Googlebot/2.1; +http://www.google.com/bot.html)" "www.thewhiteroom.co.in"
5.255.253.66 - - [15/Mar/2015:12:33:22 +0530] "GET / HTTP/1.1" 503 3514 "-" "Mozilla/5.0 (compatible; YandexBot/3.0; +http://yandex.com/bots)" "www.thewhiteroom.co.in"
5.255.253.69 - - [15/Mar/2015:12:33:26 +0530] "GET / HTTP/1.1" 503 3514 "-" "Mozilla/5.0 (compatible; YandexBot/3.0; +http://yandex.com/bots)" "www.thewhiteroom.co.in"
5.255.253.66 - - [15/Mar/2015:12:33:29 +0530] "GET / HTTP/1.1" 503 3514 "-" "Mozilla/5.0 (compatible; YandexBot/3.0; +http://yandex.com/bots)" "www.thewhiteroom.co.in"
5.255.253.69 - - [15/Mar/2015:12:33:32 +0530] "GET / HTTP/1.1" 503 3514 "-" "Mozilla/5.0 (compatible; YandexBot/3.0; +http://yandex.com/bots)" "www.thewhiteroom.co.in"
5.255.253.69 - - [15/Mar/2015:12:33:37 +0530] "GET /contact/ HTTP/1.1" 503 3514 "-" "Mozilla/5.0 (compatible; YandexBot/3.0; +http://yandex.com/bots)" "www.thewhiteroom.co.in"
5.255.253.69 - - [15/Mar/2015:12:33:42 +0530] "GET /contact/ HTTP/1.1" 503 3514 "-" "Mozilla/5.0 (compatible; YandexBot/3.0; +http://yandex.com/bots)" "www.thewhiteroom.co.in"
5.255.253.69 - - [15/Mar/2015:12:33:47 +0530] "GET /contact/ HTTP/1.1" 503 3514 "-" "Mozilla/5.0 (compatible; YandexBot/3.0; +http://yandex.com/bots)" "www.thewhiteroom.co.in"
5.255.253.69 - - [15/Mar/2015:12:34:02 +0530] "GET /contact/ HTTP/1.1" 503 3514 "-" "Mozilla/5.0 (compatible; YandexBot/3.0; +http://yandex.com/bots)" "www.thewhiteroom.co.in"
66.102.6.174 - - [15/Mar/2015:12:42:57 +0530] "GET /contact/ HTTP/1.1" 503 3514 "https://www.google.co.in/" "Mozilla/5.0 (Linux; Android 4.2.1; en-us; Nexus 5 Build/JOP40D) AppleWebKit/535.19 (KHTML, like Gecko; Google Wireless Transcoder) Chrome/38.0.1025.166 Mobile Safari/535.19" "www.thewhiteroom.co.in"
64.233.172.197 - - [15/Mar/2015:12:42:57 +0530] "GET /wp-content/plugins/maintenance/load/js/jquery.placeholder.js?ver=4.1.1 HTTP/1.1" 200 1721 "http://www.thewhiteroom.co.in/contact/" "Mozilla/5.0 (Linux; Android 4.2.1; en-us; Nexus 5 Build/JOP40D) AppleWebKit/535.19 (KHTML, like Gecko; Google Wireless Transcoder) Chrome/38.0.1025.166 Mobile Safari/535.19" "thewhiteroom.co.in"
64.233.172.213 - - [15/Mar/2015:12:42:57 +0530] "GET /wp-content/plugins/maintenance/load/js/jquery.blur.min.js?ver=4.1.1 HTTP/1.1" 200 2292 "http://www.thewhiteroom.co.in/contact/" "Mozilla/5.0 (Linux; Android 4.2.1; en-us; Nexus 5 Build/JOP40D) AppleWebKit/535.19 (KHTML, like Gecko; Google Wireless Transcoder) Chrome/38.0.1025.166 Mobile Safari/535.19" "thewhiteroom.co.in"
64.233.172.205 - - [15/Mar/2015:12:42:57 +0530] "GET /wp-content/plugins/maintenance/load/js/jquery.frontend.min.js?ver=4.1.1 HTTP/1.1" 200 3612 "http://www.thewhiteroom.co.in/contact/" "Mozilla/5.0 (Linux; Android 4.2.1; en-us; Nexus 5 Build/JOP40D) AppleWebKit/535.19 (KHTML, like Gecko; Google Wireless Transcoder) Chrome/38.0.1025.166 Mobile Safari/535.19" "thewhiteroom.co.in"
64.233.172.213 - - [15/Mar/2015:12:42:57 +0530] "GET /wp-includes/js/jquery/jquery-migrate.min.js?ver=1.2.1 HTTP/1.1" 200 7200 "http://www.thewhiteroom.co.in/contact/" "Mozilla/5.0 (Linux; Android 4.2.1; en-us; Nexus 5 Build/JOP40D) AppleWebKit/535.19 (KHTML, like Gecko; Google Wireless Transcoder) Chrome/38.0.1025.166 Mobile Safari/535.19" "thewhiteroom.co.in"
64.233.172.205 - - [15/Mar/2015:12:42:57 +0530] "GET /wp-includes/js/jquery/jquery.js?ver=1.11.1 HTTP/1.1" 200 95807 "http://www.thewhiteroom.co.in/contact/" "Mozilla/5.0 (Linux; Android 4.2.1; en-us; Nexus 5 Build/JOP40D) AppleWebKit/535.19 (KHTML, like Gecko; Google Wireless Transcoder) Chrome/38.0.1025.166 Mobile Safari/535.19" "thewhiteroom.co.in"
64.233.172.213 - - [15/Mar/2015:12:42:57 +0530] "GET /wp-content/plugins/maintenance/load/js/jquery.backstretch.min.js?ver=4.1.1 HTTP/1.1" 200 5060 "http://www.thewhiteroom.co.in/contact/" "Mozilla/5.0 (Linux; Android 4.2.1; en-us; Nexus 5 Build/JOP40D) AppleWebKit/535.19 (KHTML, like Gecko; Google Wireless Transcoder) Chrome/38.0.1025.166 Mobile Safari/535.19" "thewhiteroom.co.in"
64.233.172.213 - - [15/Mar/2015:12:42:57 +0530] "GET /wp-content/plugins/maintenance/load/style.css?ver=4.1.1 HTTP/1.1" 200 12273 "http://www.thewhiteroom.co.in/contact/" "Mozilla/5.0 (Linux; Android 4.2.1; en-us; Nexus 5 Build/JOP40D) AppleWebKit/535.19 (KHTML, like Gecko; Google Wireless Transcoder) Chrome/38.0.1025.166 Mobile Safari/535.19" "thewhiteroom.co.in"
64.233.172.197 - - [15/Mar/2015:12:42:57 +0530] "GET /wp-content/plugins/maintenance/load/images/fonts-icon/icons.style.css?ver=4.1.1 HTTP/1.1" 200 3507 "http://www.thewhiteroom.co.in/contact/" "Mozilla/5.0 (Linux; Android 4.2.1; en-us; Nexus 5 Build/JOP40D) AppleWebKit/535.19 (KHTML, like Gecko; Google Wireless Transcoder) Chrome/38.0.1025.166 Mobile Safari/535.19" "thewhiteroom.co.in"
190.42.17.35 - - [15/Mar/2015:12:46:13 +0530] "GET / HTTP/1.1" 503 3514 "http://buttons-for-website.com" "Mozilla/5.0 (Windows NT 6.1; WOW64) AppleWebKit/537.36 (KHTML, like Gecko) Chrome/36.0.1985.143 Safari/537.36" "thewhiteroom.co.in"
190.42.17.35 - - [15/Mar/2015:12:46:14 +0530] "GET /wp-content/plugins/maintenance/load/images/fonts-icon/icons.style.css?ver=4.1.1 HTTP/1.1" 200 1240 "http://thewhiteroom.co.in/" "Mozilla/5.0 (Windows NT 6.1; WOW64) AppleWebKit/537.36 (KHTML, like Gecko) Chrome/36.0.1985.143 Safari/537.36" "thewhiteroom.co.in"
190.42.17.35 - - [15/Mar/2015:12:46:14 +0530] "GET /wp-content/plugins/maintenance/load/style.css?ver=4.1.1 HTTP/1.1" 200 3232 "http://thewhiteroom.co.in/" "Mozilla/5.0 (Windows NT 6.1; WOW64) AppleWebKit/537.36 (KHTML, like Gecko) Chrome/36.0.1985.143 Safari/537.36" "thewhiteroom.co.in"
190.42.17.35 - - [15/Mar/2015:12:46:14 +0530] "GET /wp-includes/js/jquery/jquery-migrate.min.js?ver=1.2.1 HTTP/1.1" 200 3562 "http://thewhiteroom.co.in/" "Mozilla/5.0 (Windows NT 6.1; WOW64) AppleWebKit/537.36 (KHTML, like Gecko) Chrome/36.0.1985.143 Safari/537.36" "thewhiteroom.co.in"
190.42.17.35 - - [15/Mar/2015:12:46:14 +0530] "GET /wp-content/plugins/maintenance/load/js/jquery.placeholder.js?ver=4.1.1 HTTP/1.1" 200 1145 "http://thewhiteroom.co.in/" "Mozilla/5.0 (Windows NT 6.1; WOW64) AppleWebKit/537.36 (KHTML, like Gecko) Chrome/36.0.1985.143 Safari/537.36" "thewhiteroom.co.in"
190.42.17.35 - - [15/Mar/2015:12:46:14 +0530] "GET /wp-includes/js/jquery/jquery.js?ver=1.11.1 HTTP/1.1" 200 33760 "http://thewhiteroom.co.in/" "Mozilla/5.0 (Windows NT 6.1; WOW64) AppleWebKit/537.36 (KHTML, like Gecko) Chrome/36.0.1985.143 Safari/537.36" "thewhiteroom.co.in"
190.42.17.35 - - [15/Mar/2015:12:46:14 +0530] "GET /wp-content/plugins/maintenance/load/js/jquery.backstretch.min.js?ver=4.1.1 HTTP/1.1" 200 2410 "http://thewhiteroom.co.in/" "Mozilla/5.0 (Windows NT 6.1; WOW64) AppleWebKit/537.36 (KHTML, like Gecko) Chrome/36.0.1985.143 Safari/537.36" "thewhiteroom.co.in"
190.42.17.35 - - [15/Mar/2015:12:46:14 +0530] "GET /wp-content/plugins/maintenance/load/js/jquery.blur.min.js?ver=4.1.1 HTTP/1.1" 200 1456 "http://thewhiteroom.co.in/" "Mozilla/5.0 (Windows NT 6.1; WOW64) AppleWebKit/537.36 (KHTML, like Gecko) Chrome/36.0.1985.143 Safari/537.36" "thewhiteroom.co.in"
190.42.17.35 - - [15/Mar/2015:12:46:14 +0530] "GET /wp-content/plugins/maintenance/load/js/jquery.frontend.min.js?ver=4.1.1 HTTP/1.1" 200 2321 "http://thewhiteroom.co.in/" "Mozilla/5.0 (Windows NT 6.1; WOW64) AppleWebKit/537.36 (KHTML, like Gecko) Chrome/36.0.1985.143 Safari/537.36" "thewhiteroom.co.in"
190.42.17.35 - - [15/Mar/2015:12:46:15 +0530] "GET /wp-content/plugins/maintenance/load/images/fonts-icon/general_foundicons.ttf HTTP/1.1" 200 15488 "http://thewhiteroom.co.in/" "Mozilla/5.0 (Windows NT 6.1; WOW64) AppleWebKit/537.36 (KHTML, like Gecko) Chrome/36.0.1985.143 Safari/537.36" "thewhiteroom.co.in"
190.42.17.35 - - [15/Mar/2015:12:46:15 +0530] "GET /wp-content/uploads/2015/02/mt-sample-background1.jpg HTTP/1.1" 200 0 "http://thewhiteroom.co.in/" "Mozilla/5.0 (Windows NT 6.1; WOW64) AppleWebKit/537.36 (KHTML, like Gecko) Chrome/36.0.1985.143 Safari/537.36" "thewhiteroom.co.in"
220.181.108.141 - - [15/Mar/2015:12:54:08 +0530] "GET /yahoo_site_admin/backup_july192014/logs/access_110509.log HTTP/1.1" 304 - "-" "Mozilla/5.0 (compatible; Baiduspider/2.0; +http://www.baidu.com/search/spider.html)" "www.thewhiteroom.co.in"
66.249.71.80 - - [15/Mar/2015:13:30:15 +0530] "GET /robots.txt HTTP/1.1" 503 3514 "-" "Mozilla/5.0 (compatible; Googlebot/2.1; +http://www.google.com/bot.html)" "www.thewhiteroom.co.in"
106.10.186.10 - - [15/Mar/2015:13:30:20 +0530] "POST /wp-cron.php?doing_wp_cron=1426406414.4982559680938720703125 HTTP/1.1" 200 5 "-" "WordPress/4.1.1; http://thewhiteroom.co.in" "thewhiteroom.co.in"
66.249.71.97 - - [15/Mar/2015:14:01:17 +0530] "GET /robots.txt HTTP/1.1" 503 3514 "-" "Mozilla/5.0 (compatible; Googlebot/2.1; +http://www.google.com/bot.html)" "www.thewhiteroom.co.in"
180.76.5.72 - - [15/Mar/2015:14:04:37 +0530] "GET /yahoo_site_admin/images/terrace/?D=A HTTP/1.1" 200 874 "-" "Mozilla/5.0 (compatible; Baiduspider/2.0; +http://www.baidu.com/search/spider.html)" "www.thewhiteroom.co.in"
31.184.238.152 - - [15/Mar/2015:14:11:16 +0530] "GET /logs/access.log HTTP/1.1" 200 18203 "http://carbamazepine-100mg-order-online.over-blog.com" "Mozilla/5.0 (Windows NT 6.1; rv:26.0) Gecko/20100101 Firefox/26.0" "www.thewhiteroom.co.in"
31.184.238.152 - - [15/Mar/2015:14:18:06 +0530] "GET /logs/access.log HTTP/1.1" 200 18442 "http://buylevitra10mgonlinefastdelivery.soup.io" "Mozilla/5.0 (Windows NT 5.1; rv:26.0) Gecko/20100101 Firefox/26.0" "www.thewhiteroom.co.in"
31.184.238.152 - - [15/Mar/2015:14:25:15 +0530] "GET /logs/access.log HTTP/1.1" 200 18675 "http://ordercymbaltaonlinesweden.soup.io" "Mozilla/5.0 (Windows NT 6.1; WOW64) AppleWebKit/537.36 (KHTML, like Gecko) Chrome/33.0.1750.117 Safari/537.36" "www.thewhiteroom.co.in"
31.184.238.152 - - [15/Mar/2015:14:32:43 +0530] "GET /logs/access.log HTTP/1.1" 200 18945 "http://xfamaryl.forumcircle.com" "Mozilla/5.0 (Windows NT 6.1) AppleWebKit/537.36 (KHTML, like Gecko) Chrome/33.0.1750.117 Safari/537.36" "www.thewhiteroom.co.in"
157.55.39.179 - - [15/Mar/2015:14:39:54 +0530] "GET /robots.txt HTTP/1.1" 503 3514 "-" "Mozilla/5.0 (compatible; bingbot/2.0; +http://www.bing.com/bingbot.htm)" "www.thewhiteroom.co.in"
66.249.71.114 - - [15/Mar/2015:14:40:15 +0530] "GET /robots.txt HTTP/1.1" 503 3514 "-" "Mozilla/5.0 (compatible; Googlebot/2.1; +http://www.google.com/bot.html)" "www.thewhiteroom.co.in"
31.184.238.152 - - [15/Mar/2015:14:40:33 +0530] "GET /logs/access.log HTTP/1.1" 200 19572 "http://orderatomoxetineonlinefastshipping.snack.ws" "Mozilla/5.0 (Windows NT 6.1) AppleWebKit/537.36 (KHTML, like Gecko) Chrome/32.0.1700.107 Safari/537.36" "www.thewhiteroom.co.in"
157.55.39.178 - - [15/Mar/2015:14:43:25 +0530] "GET / HTTP/1.1" 503 3514 "-" "Mozilla/5.0 (compatible; bingbot/2.0; +http://www.bing.com/bingbot.htm)" "www.thewhiteroom.co.in"
31.184.238.152 - - [15/Mar/2015:14:48:13 +0530] "GET /logs/access.log HTTP/1.1" 200 20021 "http://buyendep.soup.io" "Opera/9.80 (Windows NT 6.1; WOW64) Presto/2.12.388 Version/12.15" "www.thewhiteroom.co.in"
31.184.238.152 - - [15/Mar/2015:14:56:14 +0530] "GET /logs/access.log HTTP/1.1" 200 20229 "http://order-oxcarbazepine-cheap.soup.io" "Mozilla/5.0 (Windows NT 6.1; rv:26.0) Gecko/20100101 Firefox/26.0" "www.thewhiteroom.co.in"
31.184.238.152 - - [15/Mar/2015:15:04:18 +0530] "GET /logs/access.log HTTP/1.1" 200 20455 "http://buy-cefuroxime-250mg-no-prescription.soup.io" "Mozilla/5.0 (Windows NT 6.1; WOW64) AppleWebKit/537.36 (KHTML, like Gecko) Chrome/32.0.1700.107 Safari/537.36 OPR/19.0.1326.63" "www.thewhiteroom.co.in"
31.184.238.152 - - [15/Mar/2015:15:12:25 +0530] "GET /logs/access.log HTTP/1.1" 200 20753 "http://ordercarduralowprice.snack.ws" "Mozilla/5.0 (iPad; CPU OS 7_0_4 like Mac OS X) AppleWebKit/537.51.1 (KHTML, like Gecko) Version/7.0 Mobile/11B554a Safari/9537.53" "www.thewhiteroom.co.in"
31.184.238.152 - - [15/Mar/2015:15:20:36 +0530] "GET /logs/access.log HTTP/1.1" 200 21039 "http://ordercialissoftnorx.snack.ws" "Mozilla/5.0 (Windows NT 6.3; WOW64) AppleWebKit/537.36 (KHTML, like Gecko) Chrome/32.0.1700.107 Safari/537.36" "www.thewhiteroom.co.in"
31.184.238.152 - - [15/Mar/2015:15:28:39 +0530] "GET /logs/access.log HTTP/1.1" 200 21304 "http://order-sumatriptan-online.snack.ws" "Opera/9.80 (Windows NT 5.1) Presto/2.12.388 Version/12.16" "www.thewhiteroom.co.in"
31.184.238.152 - - [15/Mar/2015:15:36:41 +0530] "GET /logs/access.log HTTP/1.1" 200 21522 "http://buy-sildenafil-citrate-50mg-online.soup.io" "Mozilla/5.0 (Windows NT 6.1; WOW64) AppleWebKit/537.36 (KHTML, like Gecko) Chrome/32.0.1700.102 Safari/537.36 OPR/19.0.1326.59" "www.thewhiteroom.co.in"
220.181.108.158 - - [15/Mar/2015:15:44:12 +0530] "GET /yahoo_site_admin/backup_july192014/logs/access_100201.log HTTP/1.1" 200 1454 "-" "Mozilla/5.0 (compatible; Baiduspider/2.0; +http://www.baidu.com/search/spider.html)" "www.thewhiteroom.co.in"
31.184.238.152 - - [15/Mar/2015:15:44:35 +0530] "GET /logs/access.log HTTP/1.1" 200 22065 "http://anortriptyline.aircus.com" "Mozilla/5.0 (iPad; CPU OS 7_0_4 like Mac OS X) AppleWebKit/537.51.1 (KHTML, like Gecko) Version/7.0 Mobile/11B554a Safari/9537.53" "www.thewhiteroom.co.in"
180.76.6.144 - - [15/Mar/2015:15:47:11 +0530] "GET /?p=113 HTTP/1.1" 503 3513 "-" "Mozilla/5.0 (compatible; Baiduspider/2.0; +http://www.baidu.com/search/spider.html)" "www.thewhiteroom.co.in"
69.197.186.210 - - [15/Mar/2015:15:49:44 +0530] "GET /yahoo_site_admin/backup_july192014/logs/access_110201.log HTTP/1.1" 200 1461 "-" "Mozilla/4.0 (compatible; MSIE 6.0; Windows NT 5.1; SV1; Mozilla/4.0 (compatible; MSIE 6.0; Windows NT 5.1; SV1) ; .NET CLR 2.0.50727 ; .NET CLR 4.0.30319)" "www.thewhiteroom.co.in"
157.55.39.179 - - [15/Mar/2015:15:50:53 +0530] "GET / HTTP/1.1" 503 3514 "-" "Mozilla/5.0 (compatible; bingbot/2.0; +http://www.bing.com/bingbot.htm)" "www.thewhiteroom.co.in"
31.184.238.152 - - [15/Mar/2015:15:52:36 +0530] "GET /logs/access.log HTTP/1.1" 200 23033 "http://dydrogesterone-10mg-buy-cheap.soup.io" "Mozilla/5.0 (Windows NT 6.1) AppleWebKit/537.36 (KHTML, like Gecko) Chrome/32.0.1700.107 Safari/537.36" "www.thewhiteroom.co.in"
31.184.238.152 - - [15/Mar/2015:16:00:33 +0530] "GET /logs/access.log HTTP/1.1" 200 23300 "http://buydutasterideonlinefr.over-blog.com" "Mozilla/5.0 (Windows NT 6.1) AppleWebKit/537.36 (KHTML, like Gecko) Chrome/32.0.1700.102 Safari/537.36" "www.thewhiteroom.co.in"
180.76.6.45 - - [15/Mar/2015:16:02:10 +0530] "GET /yahoo_site_admin/backup_july192014/logs/access_140423.log HTTP/1.1" 304 - "-" "Mozilla/5.0 (compatible; Baiduspider/2.0; +http://www.baidu.com/search/spider.html)" "www.thewhiteroom.co.in"
31.184.238.152 - - [15/Mar/2015:16:08:37 +0530] "GET /logs/access.log HTTP/1.1" 200 23806 "http://buywellbutrinsronlinewithoutprescript.soup.io" "Mozilla/5.0 (Windows NT 6.1) AppleWebKit/537.36 (KHTML, like Gecko) Chrome/30.0.1599.13014 YaBrowser/13.12.1599.13014 Safari/537.36" "www.thewhiteroom.co.in"
31.184.238.152 - - [15/Mar/2015:16:16:43 +0530] "GET /logs/access.log HTTP/1.1" 200 24110 "http://buypermethrincheap.snack.ws" "Mozilla/5.0 (Windows NT 6.1) AppleWebKit/537.36 (KHTML, like Gecko) Chrome/30.0.1599.12785 YaBrowser/13.12.1599.12785 Safari/537.36" "www.thewhiteroom.co.in"
31.184.238.152 - - [15/Mar/2015:16:24:48 +0530] "GET /logs/access.log HTTP/1.1" 200 24396 "http://buymedroxyprogesterone10mgforsale.soup.io" "Mozilla/5.0 (Windows NT 6.1; WOW64) AppleWebKit/537.36 (KHTML, like Gecko) Chrome/33.0.1750.146 Safari/537.36" "www.thewhiteroom.co.in"
31.184.238.152 - - [15/Mar/2015:16:32:57 +0530] "GET /logs/access.log HTTP/1.1" 200 24674 "http://orderraloxifene60mgfastdelivery.snack.ws" "Mozilla/5.0 (Windows NT 6.1) AppleWebKit/537.36 (KHTML, like Gecko) Chrome/32.0.1700.107 Safari/537.36" "www.thewhiteroom.co.in"
31.184.238.152 - - [15/Mar/2015:16:40:59 +0530] "GET /logs/access.log HTTP/1.1" 200 24944 "http://6hpioglitazone.over-blog.com" "Mozilla/5.0 (Windows NT 6.3; WOW64) AppleWebKit/537.36 (KHTML, like Gecko) Chrome/32.0.1700.107 Safari/537.36" "www.thewhiteroom.co.in"
79.133.217.242 - - [15/Mar/2015:16:47:02 +0530] "GET /logs/access.log HTTP/1.1" 200 3502 "http://www.thewhiteroom.co.in/" "Mozilla/5.0 (Macintosh; Intel Mac OS X 10_10_1) AppleWebKit/537.36 (KHTML, like Gecko) Chrome/39.0.2171.95 Safari/537.36" "www.thewhiteroom.co.in"
180.76.6.154 - - [15/Mar/2015:16:47:48 +0530] "GET /?p=33 HTTP/1.1" 503 3513 "-" "Mozilla/5.0 (compatible; Baiduspider/2.0; +http://www.baidu.com/search/spider.html)" "thewhiteroom.co.in"
31.184.238.152 - - [15/Mar/2015:16:49:10 +0530] "GET /logs/access.log HTTP/1.1" 200 25667 "http://order-efavirenz-500mg-cheap.snack.ws" "Mozilla/5.0 (Windows NT 6.3; WOW64) AppleWebKit/537.36 (KHTML, like Gecko) Chrome/32.0.1700.76 Safari/537.36" "www.thewhiteroom.co.in"
31.184.238.152 - - [15/Mar/2015:16:57:23 +0530] "GET /logs/access.log HTTP/1.1" 200 25939 "http://gravatar.com/buyoxcarbazepine150mgonlinelowprice" "Mozilla/5.0 (Windows NT 5.1) AppleWebKit/537.36 (KHTML, like Gecko) Chrome/32.0.1700.107 Safari/537.36" "www.thewhiteroom.co.in"
31.184.238.152 - - [15/Mar/2015:17:05:36 +0530] "GET /logs/access.log HTTP/1.1" 200 26217 "http://order-clopidogrel-75mg-online.soup.io" "Mozilla/5.0 (Windows NT 6.0) AppleWebKit/537.36 (KHTML, like Gecko) Chrome/33.0.1750.146 Safari/537.36" "www.thewhiteroom.co.in"
31.184.238.152 - - [15/Mar/2015:17:13:29 +0530] "GET /logs/access.log HTTP/1.1" 200 26484 "http://trimethoprim-800mg-buy-online.aircus.com" "Mozilla/5.0 (Windows NT 5.1) AppleWebKit/537.36 (KHTML, like Gecko) Chrome/32.0.1700.107 Safari/537.36" "www.thewhiteroom.co.in"
31.184.238.152 - - [15/Mar/2015:17:21:28 +0530] "GET /logs/access.log HTTP/1.1" 200 26754 "http://tacrolimus-order.soup.io" "Mozilla/5.0 (Windows NT 6.2; WOW64) AppleWebKit/537.36 (KHTML, like Gecko) Chrome/32.0.1700.76 Safari/537.36" "www.thewhiteroom.co.in"
68.180.228.52 - - [15/Mar/2015:17:23:45 +0530] "GET /organic-house/ HTTP/1.1" 503 3514 "-" "Mozilla/5.0 (compatible; Yahoo! Slurp; http://help.yahoo.com/help/us/ysearch/slurp)" "www.thewhiteroom.co.in"
31.184.238.152 - - [15/Mar/2015:17:29:31 +0530] "GET /logs/access.log HTTP/1.1" 200 27216 "http://buybudesonidequickshipping.soup.io" "Mozilla/5.0 (Windows NT 6.1; WOW64; rv:26.0) Gecko/20100101 Firefox/26.0" "www.thewhiteroom.co.in"
213.136.93.17 - - [15/Mar/2015:17:30:43 +0530] "GET /logs/access.log HTTP/1.1" 200 3803 "http://www.thewhiteroom.co.in/" "Mozilla/5.0 (Macintosh; Intel Mac OS X 10_10_1) AppleWebKit/537.36 (KHTML, like Gecko) Chrome/39.0.2171.95 Safari/537.36" "www.thewhiteroom.co.in"
117.211.118.10 - - [15/Mar/2015:17:30:45 +0530] "GET /yahoo_site_admin/credentials/ HTTP/1.1" 200 932 "http://www.google.co.in/url?sa=t&rct=j&q=&esrc=s&source=web&cd=2&cad=rja&uact=8&ved=0CCIQFjAB&url=http%3A%2F%2Fwww.thewhiteroom.co.in%2Fyahoo_site_admin%2Fcredentials%2F&ei=YXQFVYj1AZSSuASN6YLYCg&usg=AFQjCNGEzZrrf5qEjmUn5ED6849c4ibYSQ&bvm=bv.88198703,d.c2E" "Mozilla/5.0 (Windows NT 6.1; rv:31.0) Gecko/20100101 Firefox/31.0" "www.thewhiteroom.co.in"
117.211.118.10 - - [15/Mar/2015:17:30:47 +0530] "GET /favicon.ico HTTP/1.1" 200 0 "-" "Mozilla/5.0 (Windows NT 6.1; rv:31.0) Gecko/20100101 Firefox/31.0" "www.thewhiteroom.co.in"
117.211.118.10 - - [15/Mar/2015:17:30:48 +0530] "GET /favicon.ico HTTP/1.1" 200 0 "-" "Mozilla/5.0 (Windows NT 6.1; rv:31.0) Gecko/20100101 Firefox/31.0" "www.thewhiteroom.co.in"
117.211.118.10 - - [15/Mar/2015:17:30:54 +0530] "GET /yahoo_site_admin/credentials/db.conf HTTP/1.1" 200 670 "http://www.thewhiteroom.co.in/yahoo_site_admin/credentials/" "Mozilla/5.0 (Windows NT 6.1; rv:31.0) Gecko/20100101 Firefox/31.0" "www.thewhiteroom.co.in"
117.211.118.10 - - [15/Mar/2015:17:31:58 +0530] "GET / HTTP/1.1" 503 3514 "-" "Mozilla/5.0 (Windows NT 6.1; rv:31.0) Gecko/20100101 Firefox/31.0" "www.thewhiteroom.co.in"
117.211.118.10 - - [15/Mar/2015:17:31:59 +0530] "GET /wp-includes/js/jquery/jquery-migrate.min.js?ver=1.2.1 HTTP/1.1" 200 3562 "http://www.thewhiteroom.co.in/" "Mozilla/5.0 (Windows NT 6.1; rv:31.0) Gecko/20100101 Firefox/31.0" "thewhiteroom.co.in"
117.211.118.10 - - [15/Mar/2015:17:31:59 +0530] "GET /wp-content/plugins/maintenance/load/style.css?ver=4.1.1 HTTP/1.1" 200 3232 "http://www.thewhiteroom.co.in/" "Mozilla/5.0 (Windows NT 6.1; rv:31.0) Gecko/20100101 Firefox/31.0" "thewhiteroom.co.in"
117.211.118.10 - - [15/Mar/2015:17:31:59 +0530] "GET /wp-content/plugins/maintenance/load/js/jquery.blur.min.js?ver=4.1.1 HTTP/1.1" 200 1456 "http://www.thewhiteroom.co.in/" "Mozilla/5.0 (Windows NT 6.1; rv:31.0) Gecko/20100101 Firefox/31.0" "thewhiteroom.co.in"
117.211.118.10 - - [15/Mar/2015:17:31:59 +0530] "GET /wp-includes/js/jquery/jquery.js?ver=1.11.1 HTTP/1.1" 200 33760 "http://www.thewhiteroom.co.in/" "Mozilla/5.0 (Windows NT 6.1; rv:31.0) Gecko/20100101 Firefox/31.0" "thewhiteroom.co.in"
117.211.118.10 - - [15/Mar/2015:17:31:59 +0530] "GET /wp-content/plugins/maintenance/load/images/fonts-icon/icons.style.css?ver=4.1.1 HTTP/1.1" 200 1240 "http://www.thewhiteroom.co.in/" "Mozilla/5.0 (Windows NT 6.1; rv:31.0) Gecko/20100101 Firefox/31.0" "thewhiteroom.co.in"
117.211.118.10 - - [15/Mar/2015:17:31:59 +0530] "GET /wp-content/plugins/maintenance/load/js/jquery.placeholder.js?ver=4.1.1 HTTP/1.1" 200 1145 "http://www.thewhiteroom.co.in/" "Mozilla/5.0 (Windows NT 6.1; rv:31.0) Gecko/20100101 Firefox/31.0" "thewhiteroom.co.in"
117.211.118.10 - - [15/Mar/2015:17:31:59 +0530] "GET /wp-content/plugins/maintenance/load/js/jquery.backstretch.min.js?ver=4.1.1 HTTP/1.1" 200 2410 "http://www.thewhiteroom.co.in/" "Mozilla/5.0 (Windows NT 6.1; rv:31.0) Gecko/20100101 Firefox/31.0" "thewhiteroom.co.in"
117.211.118.10 - - [15/Mar/2015:17:31:59 +0530] "GET /wp-content/plugins/maintenance/load/js/jquery.frontend.min.js?ver=4.1.1 HTTP/1.1" 200 2321 "http://www.thewhiteroom.co.in/" "Mozilla/5.0 (Windows NT 6.1; rv:31.0) Gecko/20100101 Firefox/31.0" "thewhiteroom.co.in"
117.211.118.10 - - [15/Mar/2015:17:32:00 +0530] "GET /wp-content/plugins/maintenance/load/images/fonts-icon/general_foundicons.woff HTTP/1.1" 200 9728 "http://thewhiteroom.co.in/wp-content/plugins/maintenance/load/images/fonts-icon/icons.style.css?ver=4.1.1" "Mozilla/5.0 (Windows NT 6.1; rv:31.0) Gecko/20100101 Firefox/31.0" "thewhiteroom.co.in"
117.211.118.10 - - [15/Mar/2015:17:32:00 +0530] "GET /wp-content/uploads/2015/02/mt-sample-background1.jpg HTTP/1.1" 200 0 "http://www.thewhiteroom.co.in/" "Mozilla/5.0 (Windows NT 6.1; rv:31.0) Gecko/20100101 Firefox/31.0" "thewhiteroom.co.in"
117.211.118.10 - - [15/Mar/2015:17:32:00 +0530] "GET /wp-content/plugins/maintenance/load/images/fonts-icon/general_foundicons.ttf HTTP/1.1" 200 15488 "http://thewhiteroom.co.in/wp-content/plugins/maintenance/load/images/fonts-icon/icons.style.css?ver=4.1.1" "Mozilla/5.0 (Windows NT 6.1; rv:31.0) Gecko/20100101 Firefox/31.0" "thewhiteroom.co.in"
117.211.118.10 - - [15/Mar/2015:17:32:26 +0530] "GET /yahoo_site_admin/credentials/ HTTP/1.1" 200 818 "http://www.google.co.in/url?sa=t&rct=j&q=&esrc=s&source=web&cd=2&cad=rja&uact=8&ved=0CCIQFjAB&url=http%3A%2F%2Fwww.thewhiteroom.co.in%2Fyahoo_site_admin%2Fcredentials%2F&ei=YXQFVYj1AZSSuASN6YLYCg&usg=AFQjCNGEzZrrf5qEjmUn5ED6849c4ibYSQ&bvm=bv.88198703,d.c2E" "Mozilla/5.0 (Windows NT 6.1; rv:31.0) Gecko/20100101 Firefox/31.0" "www.thewhiteroom.co.in"
5.255.253.69 - - [15/Mar/2015:17:32:58 +0530] "GET / HTTP/1.1" 503 3514 "-" "Mozilla/5.0 (compatible; YandexBot/3.0; +http://yandex.com/bots)" "www.thewhiteroom.co.in"
5.255.253.69 - - [15/Mar/2015:17:32:59 +0530] "GET /robots.txt HTTP/1.1" 503 3514 "-" "Mozilla/5.0 (compatible; YandexBot/3.0; +http://yandex.com/bots)" "thewhiteroom.co.in"
5.255.253.69 - - [15/Mar/2015:17:33:02 +0530] "GET / HTTP/1.1" 503 3514 "-" "Mozilla/5.0 (compatible; YandexBot/3.0; +http://yandex.com/bots)" "thewhiteroom.co.in"
5.255.253.69 - - [15/Mar/2015:17:33:05 +0530] "GET / HTTP/1.1" 503 3514 "-" "Mozilla/5.0 (compatible; YandexBot/3.0; +http://yandex.com/bots)" "thewhiteroom.co.in"
5.255.253.69 - - [15/Mar/2015:17:33:08 +0530] "GET / HTTP/1.1" 503 3514 "-" "Mozilla/5.0 (compatible; YandexBot/3.0; +http://yandex.com/bots)" "thewhiteroom.co.in"
5.255.253.69 - - [15/Mar/2015:17:33:11 +0530] "GET / HTTP/1.1" 503 3514 "-" "Mozilla/5.0 (compatible; YandexBot/3.0; +http://yandex.com/bots)" "thewhiteroom.co.in"
5.255.253.69 - - [15/Mar/2015:17:33:28 +0530] "GET / HTTP/1.1" 503 3514 "-" "Mozilla/5.0 (compatible; YandexBot/3.0; +http://yandex.com/bots)" "www.thewhiteroom.co.in"
5.255.253.69 - - [15/Mar/2015:17:34:28 +0530] "GET / HTTP/1.1" 503 3514 "-" "Mozilla/5.0 (compatible; YandexBot/3.0; +http://yandex.com/bots)" "www.thewhiteroom.co.in"
5.255.253.69 - - [15/Mar/2015:17:35:29 +0530] "GET / HTTP/1.1" 503 3514 "-" "Mozilla/5.0 (compatible; YandexBot/3.0; +http://yandex.com/bots)" "www.thewhiteroom.co.in"
31.184.238.152 - - [15/Mar/2015:17:37:40 +0530] "GET /logs/access.log HTTP/1.1" 200 33943 "http://order-cloxacillin.soup.io" "Mozilla/5.0 (Windows NT 6.1; WOW64) AppleWebKit/537.36 (KHTML, like Gecko) Chrome/32.0.1700.102 Safari/537.36 OPR/19.0.1326.59" "www.thewhiteroom.co.in"
31.184.238.152 - - [15/Mar/2015:17:45:47 +0530] "GET /logs/access.log HTTP/1.1" 200 34222 "http://orderaristocort.snack.ws" "Mozilla/5.0 (Windows NT 6.3; WOW64) AppleWebKit/537.36 (KHTML, like Gecko) Chrome/33.0.1750.117 Safari/537.36" "www.thewhiteroom.co.in"
68.180.228.52 - - [15/Mar/2015:17:51:31 +0530] "GET /robots.txt HTTP/1.1" 503 3514 "-" "Mozilla/5.0 (compatible; Yahoo! Slurp; http://help.yahoo.com/help/us/ysearch/slurp)" "www.thewhiteroom.co.in"
68.180.228.52 - - [15/Mar/2015:17:51:31 +0530] "GET /about-us/ HTTP/1.1" 503 3514 "-" "Mozilla/5.0 (compatible; Yahoo! Slurp; http://help.yahoo.com/help/us/ysearch/slurp)" "www.thewhiteroom.co.in"
31.184.238.152 - - [15/Mar/2015:17:54:00 +0530] "GET /logs/access.log HTTP/1.1" 200 34878 "http://www.theknot.com/wedding/ordering-cyproheptadine" "Mozilla/5.0 (Windows NT 6.2; WOW64) AppleWebKit/537.36 (KHTML, like Gecko) Chrome/32.0.1700.76 Safari/537.36" "www.thewhiteroom.co.in"
31.184.238.152 - - [15/Mar/2015:18:02:13 +0530] "GET /logs/access.log HTTP/1.1" 200 35161 "http://buy-atorvastatin-20mg.snack.ws" "Mozilla/5.0 (Windows NT 6.1; rv:26.0) Gecko/20100101 Firefox/26.0" "www.thewhiteroom.co.in"
31.184.238.152 - - [15/Mar/2015:18:10:11 +0530] "GET /logs/access.log HTTP/1.1" 200 35384 "http://order-lasix-100mg-online.soup.io" "Mozilla/5.0 (Windows NT 6.1; rv:26.0) Gecko/20100101 Firefox/26.0" "www.thewhiteroom.co.in"
31.184.238.152 - - [15/Mar/2015:18:18:13 +0530] "GET /logs/access.log HTTP/1.1" 200 35609 "http://gravatar.com/buyclomipheneonlinenorx" "Mozilla/5.0 (Windows NT 5.1) AppleWebKit/537.36 (KHTML, like Gecko) Chrome/32.0.1700.107 Safari/537.36" "www.thewhiteroom.co.in"
31.184.238.152 - - [15/Mar/2015:18:26:26 +0530] "GET /logs/access.log HTTP/1.1" 200 35875 "http://buy-orlistat-60mg-no-rx.soup.io" "Mozilla/5.0 (Windows NT 5.1) AppleWebKit/537.36 (KHTML, like Gecko) Chrome/32.0.1700.76 Safari/537.36" "www.thewhiteroom.co.in"
66.249.71.170 - - [15/Mar/2015:18:27:55 +0530] "GET /robots.txt HTTP/1.1" 503 3514 "-" "Mozilla/5.0 (compatible; Googlebot/2.1; +http://www.google.com/bot.html)" "thewhiteroom.co.in"
31.184.238.152 - - [15/Mar/2015:18:34:39 +0530] "GET /logs/access.log HTTP/1.1" 200 36318 "http://griseofulvin-250mg-buy-no-rx.soup.io" "Mozilla/5.0 (Windows NT 6.1; WOW64) AppleWebKit/537.36 (KHTML, like Gecko) Chrome/33.0.1750.117 Safari/537.36 OPR/20.0.1387.64" "www.thewhiteroom.co.in"
31.184.238.152 - - [15/Mar/2015:18:42:48 +0530] "GET /logs/access.log HTTP/1.1" 200 36608 "http://gravatar.com/furazolidone100mgsvz" "Mozilla/5.0 (Windows NT 6.3; WOW64; rv:27.0) Gecko/20100101 Firefox/27.0" "www.thewhiteroom.co.in"
171.79.44.133 - - [15/Mar/2015:18:44:27 +0530] "GET / HTTP/1.1" 503 3514 "http://dwll.in/designers/TheWhiteRoom" "Mozilla/5.0 (Windows; U; Windows NT 6.1; en-US) AppleWebKit/534.13 (KHTML, like Gecko) Chrome/9.0.597.0 Safari/534.13" "www.thewhiteroom.co.in"
171.79.44.133 - - [15/Mar/2015:18:44:35 +0530] "GET /wp-content/plugins/maintenance/load/images/fonts-icon/icons.style.css?ver=4.1.1 HTTP/1.1" 200 1240 "http://www.thewhiteroom.co.in/" "Mozilla/5.0 (Windows; U; Windows NT 6.1; en-US) AppleWebKit/534.13 (KHTML, like Gecko) Chrome/9.0.597.0 Safari/534.13" "thewhiteroom.co.in"
171.79.44.133 - - [15/Mar/2015:18:44:35 +0530] "GET /wp-content/plugins/maintenance/load/style.css?ver=4.1.1 HTTP/1.1" 200 3232 "http://www.thewhiteroom.co.in/" "Mozilla/5.0 (Windows; U; Windows NT 6.1; en-US) AppleWebKit/534.13 (KHTML, like Gecko) Chrome/9.0.597.0 Safari/534.13" "thewhiteroom.co.in"
171.79.44.133 - - [15/Mar/2015:18:44:35 +0530] "GET /wp-includes/js/jquery/jquery-migrate.min.js?ver=1.2.1 HTTP/1.1" 200 3562 "http://www.thewhiteroom.co.in/" "Mozilla/5.0 (Windows; U; Windows NT 6.1; en-US) AppleWebKit/534.13 (KHTML, like Gecko) Chrome/9.0.597.0 Safari/534.13" "thewhiteroom.co.in"
171.79.44.133 - - [15/Mar/2015:18:44:35 +0530] "GET /wp-includes/js/jquery/jquery.js?ver=1.11.1 HTTP/1.1" 200 33760 "http://www.thewhiteroom.co.in/" "Mozilla/5.0 (Windows; U; Windows NT 6.1; en-US) AppleWebKit/534.13 (KHTML, like Gecko) Chrome/9.0.597.0 Safari/534.13" "thewhiteroom.co.in"
171.79.44.133 - - [15/Mar/2015:18:44:38 +0530] "GET /wp-content/plugins/maintenance/load/js/jquery.blur.min.js?ver=4.1.1 HTTP/1.1" 200 1456 "http://www.thewhiteroom.co.in/" "Mozilla/5.0 (Windows; U; Windows NT 6.1; en-US) AppleWebKit/534.13 (KHTML, like Gecko) Chrome/9.0.597.0 Safari/534.13" "thewhiteroom.co.in"
171.79.44.133 - - [15/Mar/2015:18:44:59 +0530] "GET /wp-content/plugins/maintenance/load/images/fonts-icon/general_foundicons.woff HTTP/1.1" 200 9728 "http://www.thewhiteroom.co.in/" "Mozilla/5.0 (Windows; U; Windows NT 6.1; en-US) AppleWebKit/534.13 (KHTML, like Gecko) Chrome/9.0.597.0 Safari/534.13" "thewhiteroom.co.in"
171.79.44.133 - - [15/Mar/2015:18:45:05 +0530] "GET /favicon.ico HTTP/1.1" 200 0 "-" "Mozilla/5.0 (Windows; U; Windows NT 6.1; en-US) AppleWebKit/534.13 (KHTML, like Gecko) Chrome/9.0.597.0 Safari/534.13" "www.thewhiteroom.co.in"
31.184.238.152 - - [15/Mar/2015:18:51:03 +0530] "GET /logs/access.log HTTP/1.1" 200 39185 "http://www.theknot.com/wedding/depakote-and-price" "Mozilla/5.0 (Windows NT 6.1) AppleWebKit/537.36 (KHTML, like Gecko) Chrome/33.0.1750.117 Safari/537.36" "www.thewhiteroom.co.in"
31.184.238.152 - - [15/Mar/2015:18:59:23 +0530] "GET /logs/access.log HTTP/1.1" 200 39457 "http://www.theknot.com/wedding/zofran-and-delivery" "Mozilla/5.0 (Windows NT 6.0) AppleWebKit/537.36 (KHTML, like Gecko) Chrome/32.0.1700.107 Safari/537.36" "www.thewhiteroom.co.in"
31.184.238.152 - - [15/Mar/2015:19:07:27 +0530] "GET /logs/access.log HTTP/1.1" 200 39730 "http://buy-cloxacillin-500mg-online.soup.io" "Mozilla/5.0 (Windows NT 6.3; WOW64) AppleWebKit/537.36 (KHTML, like Gecko) Chrome/32.0.1700.107 Safari/537.36" "www.thewhiteroom.co.in"
31.184.238.152 - - [15/Mar/2015:19:15:40 +0530] "GET /logs/access.log HTTP/1.1" 200 40003 "http://buytrileptalonlinelowprice.snack.ws" "Opera/9.80 (Windows NT 5.1) Presto/2.12.388 Version/12.16" "www.thewhiteroom.co.in"
31.184.238.152 - - [15/Mar/2015:19:23:48 +0530] "GET /logs/access.log HTTP/1.1" 200 40223 "http://gravatar.com/ordercyclophosphamide50mgonlinenoprescription" "Opera/9.80 (Windows NT 5.1) Presto/2.12.388 Version/12.16" "www.thewhiteroom.co.in"
31.184.238.152 - - [15/Mar/2015:19:31:53 +0530] "GET /logs/access.log HTTP/1.1" 200 40466 "http://orderrepaglinide2mgonlinewithoutprescript.soup.io" "Mozilla/5.0 (Windows NT 5.1; rv:26.0) Gecko/20100101 Firefox/26.0" "www.thewhiteroom.co.in"
31.184.238.152 - - [15/Mar/2015:19:40:04 +0530] "GET /logs/access.log HTTP/1.1" 200 40708 "http://buy-montelukast-online.soup.io" "Mozilla/5.0 (Windows NT 6.3; WOW64; rv:26.0) Gecko/20100101 Firefox/26.0" "www.thewhiteroom.co.in"
31.184.238.152 - - [15/Mar/2015:19:48:16 +0530] "GET /logs/access.log HTTP/1.1" 200 40938 "http://tadalafil-buy-online.soup.io" "Mozilla/5.0 (Windows NT 6.3; WOW64) AppleWebKit/537.36 (KHTML, like Gecko) Chrome/32.0.1700.107 Safari/537.36" "www.thewhiteroom.co.in"
5.255.253.69 - - [15/Mar/2015:19:52:54 +0530] "GET / HTTP/1.1" 503 3514 "-" "Mozilla/5.0 (compatible; YandexBot/3.0; +http://yandex.com/bots)" "www.thewhiteroom.co.in"
171.79.44.133 - - [15/Mar/2015:19:55:31 +0530] "GET / HTTP/1.1" 503 3514 "http://dwll.in/designers/TheWhiteRoom" "Mozilla/5.0 (Windows; U; Windows NT 6.1; en-US) AppleWebKit/534.13 (KHTML, like Gecko) Chrome/9.0.597.0 Safari/534.13" "www.thewhiteroom.co.in"
171.79.44.133 - - [15/Mar/2015:19:55:33 +0530] "GET /wp-content/plugins/maintenance/load/js/jquery.backstretch.min.js?ver=4.1.1 HTTP/1.1" 200 2410 "http://www.thewhiteroom.co.in/" "Mozilla/5.0 (Windows; U; Windows NT 6.1; en-US) AppleWebKit/534.13 (KHTML, like Gecko) Chrome/9.0.597.0 Safari/534.13" "thewhiteroom.co.in"
171.79.44.133 - - [15/Mar/2015:19:55:33 +0530] "GET /wp-content/plugins/maintenance/load/js/jquery.placeholder.js?ver=4.1.1 HTTP/1.1" 200 1145 "http://www.thewhiteroom.co.in/" "Mozilla/5.0 (Windows; U; Windows NT 6.1; en-US) AppleWebKit/534.13 (KHTML, like Gecko) Chrome/9.0.597.0 Safari/534.13" "thewhiteroom.co.in"
171.79.44.133 - - [15/Mar/2015:19:55:33 +0530] "GET /wp-content/plugins/maintenance/load/js/jquery.frontend.min.js?ver=4.1.1 HTTP/1.1" 200 2321 "http://www.thewhiteroom.co.in/" "Mozilla/5.0 (Windows; U; Windows NT 6.1; en-US) AppleWebKit/534.13 (KHTML, like Gecko) Chrome/9.0.597.0 Safari/534.13" "thewhiteroom.co.in"
171.79.44.133 - - [15/Mar/2015:19:55:36 +0530] "GET /wp-content/uploads/2015/02/mt-sample-background1.jpg HTTP/1.1" 200 0 "http://www.thewhiteroom.co.in/" "Mozilla/5.0 (Windows; U; Windows NT 6.1; en-US) AppleWebKit/534.13 (KHTML, like Gecko) Chrome/9.0.597.0 Safari/534.13" "thewhiteroom.co.in"
171.79.44.133 - - [15/Mar/2015:19:55:38 +0530] "GET /favicon.ico HTTP/1.1" 200 0 "-" "Mozilla/5.0 (Windows; U; Windows NT 6.1; en-US) AppleWebKit/534.13 (KHTML, like Gecko) Chrome/9.0.597.0 Safari/534.13" "www.thewhiteroom.co.in"
157.55.39.178 - - [15/Mar/2015:19:56:18 +0530] "GET /robots.txt HTTP/1.1" 503 3514 "-" "Mozilla/5.0 (compatible; bingbot/2.0; +http://www.bing.com/bingbot.htm)" "thewhiteroom.co.in"
31.184.238.152 - - [15/Mar/2015:19:56:41 +0530] "GET /logs/access.log HTTP/1.1" 200 43293 "http://order-acarbose-cheap.snack.ws" "Mozilla/5.0 (Windows NT 6.1) AppleWebKit/537.36 (KHTML, like Gecko) Chrome/33.0.1750.117 Safari/537.36" "www.thewhiteroom.co.in"
157.55.39.178 - - [15/Mar/2015:19:57:23 +0530] "GET / HTTP/1.1" 503 3514 "-" "Mozilla/5.0 (compatible; bingbot/2.0; +http://www.bing.com/bingbot.htm)" "thewhiteroom.co.in"
180.76.5.170 - - [15/Mar/2015:20:01:49 +0530] "GET /?p=79 HTTP/1.1" 503 3513 "-" "Mozilla/5.0 (compatible; Baiduspider/2.0; +http://www.baidu.com/search/spider.html)" "www.thewhiteroom.co.in"
31.184.238.152 - - [15/Mar/2015:20:05:07 +0530] "GET /logs/access.log HTTP/1.1" 200 43916 "http://www.theknot.com/wedding/meclizine-and-fast" "Mozilla/5.0 (Windows NT 6.3; WOW64) AppleWebKit/537.36 (KHTML, like Gecko) Chrome/32.0.1700.76 Safari/537.36" "www.thewhiteroom.co.in"
31.184.238.152 - - [15/Mar/2015:20:13:16 +0530] "GET /logs/access.log HTTP/1.1" 200 44194 "http://5hsumycin500mg.forumcircle.com" "Mozilla/5.0 (Windows NT 6.3; WOW64) AppleWebKit/537.36 (KHTML, like Gecko) Chrome/32.0.1700.102 Safari/537.36" "www.thewhiteroom.co.in"
31.184.238.152 - - [15/Mar/2015:20:21:44 +0530] "GET /logs/access.log HTTP/1.1" 200 44461 "http://www.theknot.com/wedding/glipizide-and-guaranteed" "Mozilla/5.0 (Windows NT 6.3; WOW64; rv:26.0) Gecko/20100101 Firefox/26.0" "www.thewhiteroom.co.in"
31.184.238.152 - - [15/Mar/2015:20:30:03 +0530] "GET /logs/access.log HTTP/1.1" 200 44709 "http://orderdiamox250mgwithoutprescription.soup.io" "Mozilla/5.0 (Windows NT 5.1) AppleWebKit/537.36 (KHTML, like Gecko) Chrome/33.0.1750.146 Safari/537.36" "www.thewhiteroom.co.in"
157.55.39.179 - - [15/Mar/2015:20:31:58 +0530] "GET / HTTP/1.1" 503 3514 "-" "Mozilla/5.0 (compatible; bingbot/2.0; +http://www.bing.com/bingbot.htm)" "www.thewhiteroom.co.in"
31.184.238.152 - - [15/Mar/2015:20:38:11 +0530] "GET /logs/access.log HTTP/1.1" 200 45158 "http://www.theknot.com/wedding/shipping-and-zestril" "Mozilla/5.0 (Windows NT 5.1) AppleWebKit/537.36 (KHTML, like Gecko) Chrome/32.0.1700.76 Safari/537.36" "www.thewhiteroom.co.in"
179.99.98.163 - - [15/Mar/2015:20:42:30 +0530] "GET / HTTP/1.1" 503 3514 "http://semalt.semalt.com/crawler.php?u=http://thewhiteroom.co.in" "Mozilla/5.0 (Windows NT 6.1; WOW64) AppleWebKit/537.36 (KHTML, like Gecko) Chrome/36.0.1985.143 Safari/537.36" "thewhiteroom.co.in"
179.99.98.163 - - [15/Mar/2015:20:42:30 +0530] "GET /wp-content/plugins/maintenance/load/images/fonts-icon/icons.style.css?ver=4.1.1 HTTP/1.1" 200 1240 "http://thewhiteroom.co.in/" "Mozilla/5.0 (Windows NT 6.1; WOW64) AppleWebKit/537.36 (KHTML, like Gecko) Chrome/36.0.1985.143 Safari/537.36" "thewhiteroom.co.in"
179.99.98.163 - - [15/Mar/2015:20:42:30 +0530] "GET /wp-content/plugins/maintenance/load/style.css?ver=4.1.1 HTTP/1.1" 200 3232 "http://thewhiteroom.co.in/" "Mozilla/5.0 (Windows NT 6.1; WOW64) AppleWebKit/537.36 (KHTML, like Gecko) Chrome/36.0.1985.143 Safari/537.36" "thewhiteroom.co.in"
179.99.98.163 - - [15/Mar/2015:20:42:30 +0530] "GET /wp-content/plugins/maintenance/load/js/jquery.placeholder.js?ver=4.1.1 HTTP/1.1" 200 1145 "http://thewhiteroom.co.in/" "Mozilla/5.0 (Windows NT 6.1; WOW64) AppleWebKit/537.36 (KHTML, like Gecko) Chrome/36.0.1985.143 Safari/537.36" "thewhiteroom.co.in"
179.99.98.163 - - [15/Mar/2015:20:42:30 +0530] "GET /wp-content/plugins/maintenance/load/js/jquery.backstretch.min.js?ver=4.1.1 HTTP/1.1" 200 2410 "http://thewhiteroom.co.in/" "Mozilla/5.0 (Windows NT 6.1; WOW64) AppleWebKit/537.36 (KHTML, like Gecko) Chrome/36.0.1985.143 Safari/537.36" "thewhiteroom.co.in"
179.99.98.163 - - [15/Mar/2015:20:42:30 +0530] "GET /wp-includes/js/jquery/jquery-migrate.min.js?ver=1.2.1 HTTP/1.1" 200 3562 "http://thewhiteroom.co.in/" "Mozilla/5.0 (Windows NT 6.1; WOW64) AppleWebKit/537.36 (KHTML, like Gecko) Chrome/36.0.1985.143 Safari/537.36" "thewhiteroom.co.in"
179.99.98.163 - - [15/Mar/2015:20:42:31 +0530] "GET /wp-content/plugins/maintenance/load/js/jquery.blur.min.js?ver=4.1.1 HTTP/1.1" 200 1456 "http://thewhiteroom.co.in/" "Mozilla/5.0 (Windows NT 6.1; WOW64) AppleWebKit/537.36 (KHTML, like Gecko) Chrome/36.0.1985.143 Safari/537.36" "thewhiteroom.co.in"
179.99.98.163 - - [15/Mar/2015:20:42:31 +0530] "GET /wp-includes/js/jquery/jquery.js?ver=1.11.1 HTTP/1.1" 200 33760 "http://thewhiteroom.co.in/" "Mozilla/5.0 (Windows NT 6.1; WOW64) AppleWebKit/537.36 (KHTML, like Gecko) Chrome/36.0.1985.143 Safari/537.36" "thewhiteroom.co.in"
179.99.98.163 - - [15/Mar/2015:20:42:31 +0530] "GET /wp-content/plugins/maintenance/load/js/jquery.frontend.min.js?ver=4.1.1 HTTP/1.1" 200 2321 "http://thewhiteroom.co.in/" "Mozilla/5.0 (Windows NT 6.1; WOW64) AppleWebKit/537.36 (KHTML, like Gecko) Chrome/36.0.1985.143 Safari/537.36" "thewhiteroom.co.in"
179.99.98.163 - - [15/Mar/2015:20:42:32 +0530] "GET /wp-content/uploads/2015/02/mt-sample-background1.jpg HTTP/1.1" 200 0 "http://thewhiteroom.co.in/" "Mozilla/5.0 (Windows NT 6.1; WOW64) AppleWebKit/537.36 (KHTML, like Gecko) Chrome/36.0.1985.143 Safari/537.36" "thewhiteroom.co.in"
179.99.98.163 - - [15/Mar/2015:20:42:32 +0530] "GET /wp-content/plugins/maintenance/load/images/fonts-icon/general_foundicons.ttf HTTP/1.1" 200 15488 "http://thewhiteroom.co.in/" "Mozilla/5.0 (Windows NT 6.1; WOW64) AppleWebKit/537.36 (KHTML, like Gecko) Chrome/36.0.1985.143 Safari/537.36" "thewhiteroom.co.in"
171.79.44.133 - - [15/Mar/2015:20:43:39 +0530] "GET / HTTP/1.1" 503 3514 "http://buildofy.com/firms/152-the-white-room-studio" "Mozilla/5.0 (Windows; U; Windows NT 6.1; en-US) AppleWebKit/534.13 (KHTML, like Gecko) Chrome/9.0.597.0 Safari/534.13" "www.thewhiteroom.co.in"
171.79.44.133 - - [15/Mar/2015:20:43:42 +0530] "GET /favicon.ico HTTP/1.1" 200 0 "-" "Mozilla/5.0 (Windows; U; Windows NT 6.1; en-US) AppleWebKit/534.13 (KHTML, like Gecko) Chrome/9.0.597.0 Safari/534.13" "www.thewhiteroom.co.in"
31.184.238.152 - - [15/Mar/2015:20:46:19 +0530] "GET /logs/access.log HTTP/1.1" 200 49194 "http://i9diclofenac100mg.over-blog.com" "Mozilla/5.0 (Windows NT 6.1; WOW64) AppleWebKit/537.36 (KHTML, like Gecko) Chrome/31.0.1650.63 Safari/537.36 OPR/18.0.1284.68" "www.thewhiteroom.co.in"
46.22.215.199 - - [15/Mar/2015:20:46:55 +0530] "GET /logs/access.log HTTP/1.1" 200 5446 "http://www.thewhiteroom.co.in/" "Mozilla/5.0 (Macintosh; Intel Mac OS X 10_10_1) AppleWebKit/537.36 (KHTML, like Gecko) Chrome/39.0.2171.95 Safari/537.36" "www.thewhiteroom.co.in"
